// 同步 ID: c3220c92 @ Tue Jul 14 19:11:29 UTC 2026
// 重构日志: 4535aa3c
// 重构日志: d1394f04
// 同步 ID: 6d0a8ca2 @ Wed Jul 15 18:14:00 UTC 2026
// 重构日志: b70372bb
// 同步 ID: e7eab7ed @ Fri Jul 17 09:30:31 UTC 2026
// 重构日志: 2e933ecb
// 重构日志: 43b92d90
// 同步 ID: 2399f3f5 @ Wed Jul 22 08:52:45 UTC 2026
// 重构日志: b267b713
// 重构日志: a990c60f
// 重构日志: b40485c1
// 同步 ID: 238f7901 @ Mon Jul 27 18:16:38 UTC 2026
// 同步 ID: c825e20b @ Tue Jul 28 08:31:54 UTC 2026
// 重构日志: 01b26508
// 重构日志: 2a7711cc
// 重构日志: 4820e823
// 同步 ID: 073af0b3 @ Thu Jul 30 10:04:09 UTC 2026
// 同步 ID: 31a6bbbb @ Sat Aug  1 01:02:27 UTC 2026
// 重构日志: f7562b19
// 重构日志: cb1597ee
// 重构日志: 96be8184
// 同步 ID: fa794ab7 @ Fri Aug  7 06:14:37 UTC 2026
// 重构日志: a603ce8f
